// Vitest Snapshot v1, https://vitest.dev/guide/snapshot.html

exports[`App component > mounts without error 1`] = `
"<div>
  <routerview></routerview>
</div>"
`;
