// Vitest Snapshot v1, https://vitest.dev/guide/snapshot.html

exports[`TodoList component > mounts without error 1`] = `"<button class=\\"text-white font-bold py-1 px-3 rounded h-8 bg-blue-500 hover:bg-blue-700\\"></button>"`;
